// Jest Snapshot v1, https://goo.gl/fbAQLP

exports[`DSOFAQsView matches snapshot 1`] = `
<div>
  <div
    class="MuiGrid-root MuiGrid-container MuiGrid-spacing-xs-3 css-zow5z4-MuiGrid-root"
  >
    <div
      class="MuiGrid-root MuiGrid-item MuiGrid-grid-xs-12 css-ewf807-MuiGrid-root"
    >
      <h5
        class="MuiTypography-root MuiTypography-h5 css-14eqi03-MuiTypography-root"
      >
        Most Asked Questions
      </h5>
    </div>
  </div>
</div>
`;
