// Jest Snapshot v1, https://goo.gl/fbAQLP

exports[`DSOOverview should match snapshot 1`] = `
<div>
  <div
    class="MuiPaper-root MuiPaper-elevation MuiPaper-rounded MuiPaper-elevation0 css-q29v6p-MuiPaper-root"
  >
    <div
      class="MuiGrid-root MuiGrid-container MuiGrid-spacing-xs-3 css-zow5z4-MuiGrid-root"
    >
      <div
        class="MuiGrid-root MuiGrid-item MuiGrid-grid-xs-12 css-ewf807-MuiGrid-root"
      >
        <div
          class="MuiGrid-root MuiGrid-container MuiGrid-spacing-xs-2 css-ofrcno-MuiGrid-root"
        >
          <div
            class="MuiGrid-root MuiGrid-item css-13i4rnv-MuiGrid-root"
          >
            <div
              class="MuiAvatar-root MuiAvatar-circular MuiAvatar-colorDefault css-69x3yt-MuiAvatar-root"
              style="width: 60px; height: 60px;"
            >
              <svg
                aria-hidden="true"
                class="MuiSvgIcon-root MuiSvgIcon-fontSizeMedium MuiAvatar-fallback css-1ql7le6-MuiSvgIcon-root-MuiAvatar-fallback"
                data-testid="PersonIcon"
                focusable="false"
                viewBox="0 0 24 24"
              >
                <path
                  d="M12 12c2.21 0 4-1.79 4-4s-1.79-4-4-4-4 1.79-4 4 1.79 4 4 4zm0 2c-2.67 0-8 1.34-8 4v2h16v-2c0-2.66-5.33-4-8-4z"
                />
              </svg>
            </div>
          </div>
          <div
            class="MuiGrid-root MuiGrid-item css-13i4rnv-MuiGrid-root"
          >
            <h4
              class="MuiTypography-root MuiTypography-h4 css-vxrdkt-MuiTypography-root"
            >
              token name
            </h4>
            <p
              class="MuiTypography-root MuiTypography-body1 css-1b4l2pg-MuiTypography-root"
            >
              issuer name
            </p>
          </div>
        </div>
      </div>
      <div
        class="MuiGrid-root MuiGrid-item MuiGrid-grid-xs-12 css-ewf807-MuiGrid-root"
      >
        <div
          class="MuiGrid-root MuiGrid-container MuiGrid-spacing-xs-1 css-a5rdam-MuiGrid-root"
        >
          <div
            class="MuiGrid-root MuiGrid-item MuiGrid-grid-xs-12 css-ewf807-MuiGrid-root"
          >
            <h6
              class="MuiTypography-root MuiTypography-subtitle1 css-3phns2-MuiTypography-root"
            >
              Minimum Investment
            </h6>
          </div>
          <div
            class="MuiGrid-root MuiGrid-item MuiGrid-grid-xs-12 css-ewf807-MuiGrid-root"
          >
            <h6
              class="MuiTypography-root MuiTypography-subtitle1 css-1b4l2pg-MuiTypography-root"
            >
              100 token symbol
            </h6>
          </div>
        </div>
      </div>
      <div
        class="MuiGrid-root MuiGrid-item MuiGrid-grid-xs-12 css-ewf807-MuiGrid-root"
      >
        <div
          class="MuiGrid-root MuiGrid-container MuiGrid-spacing-xs-3 css-zow5z4-MuiGrid-root"
        >
          <div
            class="MuiGrid-root MuiGrid-item MuiGrid-grid-xs-12 css-ewf807-MuiGrid-root"
          >
            <div
              class="MuiGrid-root MuiGrid-container MuiGrid-spacing-xs-1 css-a5rdam-MuiGrid-root"
            >
              <div
                class="MuiGrid-root MuiGrid-item MuiGrid-grid-xs-12 css-ewf807-MuiGrid-root"
              >
                <h6
                  class="MuiTypography-root MuiTypography-subtitle1 css-3phns2-MuiTypography-root"
                >
                  Available Balance
                </h6>
              </div>
              <div
                class="MuiGrid-root MuiGrid-item MuiGrid-grid-xs-12 css-ewf807-MuiGrid-root"
              >
                <h6
                  class="MuiTypography-root MuiTypography-subtitle1 css-1b4l2pg-MuiTypography-root"
                >
                  SGD 0.00
                </h6>
              </div>
            </div>
          </div>
          <div
            class="MuiGrid-root MuiGrid-item MuiGrid-grid-xs-12 css-ewf807-MuiGrid-root"
          >
            <div
              class="MuiPaper-root MuiPaper-elevation MuiPaper-rounded MuiPaper-elevation0 MuiCard-root css-199li38-MuiPaper-root-MuiCard-root"
            >
              <div
                class="MuiGrid-root MuiGrid-container MuiGrid-spacing-xs-2 css-mhc70k-MuiGrid-root"
              >
                <div
                  class="MuiGrid-root MuiGrid-container MuiGrid-item MuiGrid-spacing-xs-1 MuiGrid-grid-xs-12 css-1ie9my4-MuiGrid-root"
                >
                  <div
                    class="MuiGrid-root MuiGrid-item css-13i4rnv-MuiGrid-root"
                  >
                    <svg
                      aria-hidden="true"
                      class="MuiSvgIcon-root MuiSvgIcon-fontSizeMedium css-ek9rqb-MuiSvgIcon-root"
                      data-testid="MonetizationOnOutlinedIcon"
                      focusable="false"
                      viewBox="0 0 24 24"
                    >
                      <path
                        d="M12 2C6.48 2 2 6.48 2 12s4.48 10 10 10 10-4.48 10-10S17.52 2 12 2zm0 18c-4.41 0-8-3.59-8-8s3.59-8 8-8 8 3.59 8 8-3.59 8-8 8zm.31-8.86c-1.77-.45-2.34-.94-2.34-1.67 0-.84.79-1.43 2.1-1.43 1.38 0 1.9.66 1.94 1.64h1.71c-.05-1.34-.87-2.57-2.49-2.97V5H10.9v1.69c-1.51.32-2.72 1.3-2.72 2.81 0 1.79 1.49 2.69 3.66 3.21 1.95.46 2.34 1.15 2.34 1.87 0 .53-.39 1.39-2.1 1.39-1.6 0-2.23-.72-2.32-1.64H8.04c.1 1.7 1.36 2.66 2.86 2.97V19h2.34v-1.67c1.52-.29 2.72-1.16 2.73-2.77-.01-2.2-1.9-2.96-3.66-3.42z"
                      />
                    </svg>
                  </div>
                  <div
                    class="MuiGrid-root MuiGrid-item css-13i4rnv-MuiGrid-root"
                  >
                    <h6
                      class="MuiTypography-root MuiTypography-subtitle2 css-buvp3o-MuiTypography-root"
                    >
                      You don't have enough money
                    </h6>
                  </div>
                </div>
                <div
                  class="MuiGrid-root MuiGrid-item MuiGrid-grid-xs-12 css-ewf807-MuiGrid-root"
                >
                  <p
                    class="MuiTypography-root MuiTypography-body1 css-3phns2-MuiTypography-root"
                  >
                    Insufficient balance, please top-up your account
                  </p>
                </div>
                <div
                  class="MuiGrid-root MuiGrid-item MuiGrid-grid-xs-12 css-ewf807-MuiGrid-root"
                >
                  <a
                    class="MuiButton-root MuiButton-contained MuiButton-containedPrimary MuiButton-sizeMedium MuiButton-containedSizeMedium MuiButton-fullWidth MuiButtonBase-root  css-xpk4k5-MuiButtonBase-root-MuiButton-root"
                    href="/app/accounts/cash-deposits"
                    tabindex="0"
                  >
                    Top-up my account
                    <span
                      class="MuiTouchRipple-root css-8je8zh-MuiTouchRipple-root"
                    />
                  </a>
                </div>
              </div>
            </div>
          </div>
        </div>
      </div>
      <div
        class="MuiGrid-root MuiGrid-item MuiGrid-grid-xs-12 css-ewf807-MuiGrid-root"
      />
    </div>
  </div>
</div>
`;
