// Jest Snapshot v1, https://goo.gl/fbAQLP

exports[`FormActions should match snapshot 1`] = `
<div>
  <form
    style="width: 100%;"
  >
    <div
      class="MuiGrid-root MuiGrid-container MuiGrid-spacing-xs-3 css-3tbyo6-MuiGrid-root"
    >
      <div
        class="MuiGrid-root MuiGrid-item MuiGrid-grid-xs-6 MuiGrid-grid-md-2 css-jyppyh-MuiGrid-root"
      >
        <a
          class="MuiTypography-root MuiTypography-inherit MuiLink-root MuiLink-underlineNone MuiButton-root MuiButton-outlined MuiButton-outlinedPrimary MuiButton-sizeLarge MuiButton-outlinedSizeLarge MuiButton-disableElevation MuiButton-fullWidth MuiButtonBase-root  css-lh449b-MuiTypography-root-MuiLink-root-MuiButtonBase-root-MuiButton-root"
          href="/app/invest/offerings/:issuerId/:dsoId/view"
          tabindex="0"
        >
          Cancel
          <span
            class="MuiTouchRipple-root css-8je8zh-MuiTouchRipple-root"
          />
        </a>
      </div>
      <div
        class="MuiGrid-root MuiGrid-item MuiGrid-grid-xs-6 MuiGrid-grid-md-2 css-jyppyh-MuiGrid-root"
      >
        <button
          class="MuiButton-root MuiButton-contained MuiButton-containedPrimary MuiButton-sizeLarge MuiButton-containedSizeLarge MuiButton-disableElevation MuiButton-fullWidth MuiButtonBase-root  css-gi1y9o-MuiButtonBase-root-MuiButton-root"
          tabindex="0"
          type="submit"
        >
          Invest
          <span
            class="MuiTouchRipple-root css-8je8zh-MuiTouchRipple-root"
          />
        </button>
      </div>
    </div>
  </form>
</div>
`;
