// Jest Snapshot v1, https://goo.gl/fbAQLP

exports[`Step4Enable should match snapshot 1`] = `
<div>
  <div
    class="MuiGrid-root MuiGrid-container MuiGrid-direction-xs-column css-1vpwcmr-MuiGrid-root"
  >
    <div
      class="MuiGrid-root MuiGrid-item MuiGrid-grid-xs-12 css-1idn90j-MuiGrid-root"
    >
      <h2
        class="MuiTypography-root MuiTypography-h2 MuiTypography-alignCenter css-2xfiep-MuiTypography-root"
      >
        Enable Authenticator App
      </h2>
    </div>
    <div
      class="MuiGrid-root MuiGrid-item MuiGrid-grid-xs-12 css-1idn90j-MuiGrid-root"
    >
      <div
        class="MuiGrid-root MuiGrid-container css-1lym95h-MuiGrid-root"
      >
        <div
          class="MuiGrid-root MuiGrid-container MuiGrid-direction-xs-column makeStyles-container-1 css-t0zib5-MuiGrid-root"
        >
          <div
            class="MuiGrid-root MuiGrid-item css-13i4rnv-MuiGrid-root"
          >
            <p
              class="MuiTypography-root MuiTypography-body1 MuiTypography-alignCenter makeStyles-text-2 css-1gd5lqg-MuiTypography-root"
            >
              Please enter the 6 digit code from your Authenticator App
            </p>
          </div>
          <div
            class="MuiGrid-root MuiGrid-item css-13i4rnv-MuiGrid-root"
          >
            <form
              data-testid="form"
              style="width: 100%;"
            >
              <div
                class="MuiFormControl-root MuiFormControl-fullWidth css-q8hpuo-MuiFormControl-root"
              >
                <div
                  class="makeStyles-container-5"
                  style="display: flex;"
                >
                  <div
                    style="display: flex; align-items: center;"
                  >
                    <input
                      aria-label="Please enter verification code. Digit 1"
                      autocomplete="off"
                      class="makeStyles-input-7 "
                      maxlength="1"
                      placeholder="_"
                      style="width: 1em; text-align: center;"
                      type="tel"
                      value=""
                    />
                  </div>
                  <div
                    style="display: flex; align-items: center;"
                  >
                    <input
                      aria-label="Digit 2"
                      autocomplete="off"
                      class="makeStyles-input-7"
                      maxlength="1"
                      placeholder="_"
                      style="width: 1em; text-align: center;"
                      type="tel"
                      value=""
                    />
                  </div>
                  <div
                    style="display: flex; align-items: center;"
                  >
                    <input
                      aria-label="Digit 3"
                      autocomplete="off"
                      class="makeStyles-input-7"
                      maxlength="1"
                      placeholder="_"
                      style="width: 1em; text-align: center;"
                      type="tel"
                      value=""
                    />
                  </div>
                  <div
                    style="display: flex; align-items: center;"
                  >
                    <input
                      aria-label="Digit 4"
                      autocomplete="off"
                      class="makeStyles-input-7"
                      maxlength="1"
                      placeholder="_"
                      style="width: 1em; text-align: center;"
                      type="tel"
                      value=""
                    />
                  </div>
                  <div
                    style="display: flex; align-items: center;"
                  >
                    <input
                      aria-label="Digit 5"
                      autocomplete="off"
                      class="makeStyles-input-7"
                      maxlength="1"
                      placeholder="_"
                      style="width: 1em; text-align: center;"
                      type="tel"
                      value=""
                    />
                  </div>
                  <div
                    style="display: flex; align-items: center;"
                  >
                    <input
                      aria-label="Digit 6"
                      autocomplete="off"
                      class="makeStyles-input-7"
                      maxlength="1"
                      placeholder="_"
                      style="width: 1em; text-align: center;"
                      type="tel"
                      value=""
                    />
                  </div>
                </div>
              </div>
              <div
                class="MuiBox-root css-fzwid6"
              >
                <button
                  class="MuiButton-root MuiButton-contained MuiButton-containedPrimary MuiButton-sizeMedium MuiButton-containedSizeMedium MuiButton-disableElevation MuiButtonBase-root Mui-disabled makeStyles-button-3 css-gbhykm-MuiButtonBase-root-MuiButton-root"
                  disabled=""
                  tabindex="-1"
                  type="submit"
                >
                  Enable and Continue
                </button>
              </div>
            </form>
          </div>
        </div>
      </div>
    </div>
  </div>
</div>
`;
