// Jest Snapshot v1, https://goo.gl/fbAQLP

exports[`PrimaryOfferings renders DSOCard component with correct props, should match snapshot 1`] = `
<div>
  <div
    class="MuiGrid-root MuiGrid-container MuiGrid-spacing-xs-3 MuiGrid-direction-xs-column css-32q0xd-MuiGrid-root"
  >
    <div
      class="MuiGrid-root MuiGrid-container MuiGrid-item css-1gb55do-MuiGrid-root"
    >
      <div
        class="MuiGrid-root MuiGrid-item css-13i4rnv-MuiGrid-root"
      />
      <div
        class="MuiGrid-root MuiGrid-item css-13i4rnv-MuiGrid-root"
      />
    </div>
    <div
      class="MuiGrid-root MuiGrid-item css-13i4rnv-MuiGrid-root"
    >
      <div
        class="MuiGrid-root MuiGrid-container abc css-11lq3yg-MuiGrid-root"
      />
    </div>
  </div>
</div>
`;
