// Jest Snapshot v1, https://goo.gl/fbAQLP

exports[`Filters should match snapshot 1`] = `
<div>
  <div
    class="MuiGrid-root MuiGrid-container makeStyles-wrapper-1 css-1xzqqmo-MuiGrid-root"
  >
    <div
      class="MuiGrid-root MuiGrid-item MuiGrid-grid-xs-12 MuiGrid-grid-lg-2 css-7g05lj-MuiGrid-root"
    >
      <div
        class="makeStyles-searchWrapper-2 MuiBox-root css-0"
      >
        <div
          class="MuiOutlinedInput-root MuiInputBase-root MuiInputBase-colorPrimary MuiInputBase-fullWidth MuiInputBase-adornedEnd css-1c4a1fp-MuiInputBase-root-MuiOutlinedInput-root"
        >
          <input
            class="MuiOutlinedInput-input MuiInputBase-input MuiInputBase-inputAdornedEnd css-1vvkud8-MuiInputBase-input-MuiOutlinedInput-input"
            placeholder="Search"
            type="text"
            value=""
          />
          <div
            class="MuiInputAdornment-root MuiInputAdornment-positionEnd css-1laqsz7-MuiInputAdornment-root"
          >
            <svg
              aria-hidden="true"
              class="MuiSvgIcon-root MuiSvgIcon-colorDisabled MuiSvgIcon-fontSizeMedium css-fuvw14-MuiSvgIcon-root"
              data-testid="SearchIcon"
              focusable="false"
              viewBox="0 0 24 24"
            >
              <path
                d="M15.5 14h-.79l-.28-.27C15.41 12.59 16 11.11 16 9.5 16 5.91 13.09 3 9.5 3S3 5.91 3 9.5 5.91 16 9.5 16c1.61 0 3.09-.59 4.23-1.57l.27.28v.79l5 4.99L20.49 19l-4.99-5zm-6 0C7.01 14 5 11.99 5 9.5S7.01 5 9.5 5 14 7.01 14 9.5 11.99 14 9.5 14z"
              />
            </svg>
          </div>
          <fieldset
            aria-hidden="true"
            class="MuiOutlinedInput-notchedOutline css-1d3z3hw-MuiOutlinedInput-notchedOutline"
          >
            <legend
              class="css-nnbavb"
            >
              <span
                class="notranslate"
              >
                â€‹
              </span>
            </legend>
          </fieldset>
        </div>
      </div>
    </div>
    <div
      class="MuiGrid-root MuiGrid-item MuiGrid-grid-xs-12 MuiGrid-grid-lg-10 makeStyles-filterWrapper-3 css-1hlpjpi-MuiGrid-root"
    >
      <div
        class="MuiGrid-root MuiGrid-container MuiGrid-spacing-xs-2 makeStyles-childrenWRapper-4 css-ofrcno-MuiGrid-root"
      >
        <div
          class="MuiGrid-root MuiGrid-item css-13i4rnv-MuiGrid-root"
        >
          <div
            class="MuiFormControl-root MuiFormControl-fullWidth MuiTextField-root makeStyles-root-5 css-112rbl4-MuiFormControl-root-MuiTextField-root"
          >
            <label
              class="MuiInputLabel-root MuiInputLabel-formControl MuiInputLabel-animated MuiInputLabel-shrink MuiInputLabel-outlined MuiFormLabel-root MuiFormLabel-colorPrimary css-fhk4wr-MuiFormLabel-root-MuiInputLabel-root"
              data-shrink="true"
              for="mui-1"
              id="mui-1-label"
            >
              From
            </label>
            <div
              class="MuiOutlinedInput-root MuiInputBase-root MuiInputBase-colorPrimary MuiInputBase-formControl css-jbw6h8-MuiInputBase-root-MuiOutlinedInput-root"
              style="width: 155px;"
            >
              <input
                aria-invalid="false"
                aria-label="Choose date"
                aria-readonly="true"
                class="MuiOutlinedInput-input MuiInputBase-input css-17cvodc-MuiInputBase-input-MuiOutlinedInput-input"
                id="mui-1"
                readonly=""
                type="text"
                value=""
              />
              <fieldset
                aria-hidden="true"
                class="MuiOutlinedInput-notchedOutline css-1d3z3hw-MuiOutlinedInput-notchedOutline"
              >
                <legend
                  class="css-173wfxe"
                >
                  <span>
                    From
                  </span>
                </legend>
              </fieldset>
            </div>
          </div>
        </div>
        <div
          class="MuiGrid-root MuiGrid-item css-13i4rnv-MuiGrid-root"
        >
          <div
            class="MuiFormControl-root MuiFormControl-fullWidth MuiTextField-root makeStyles-root-5 css-112rbl4-MuiFormControl-root-MuiTextField-root"
          >
            <label
              class="MuiInputLabel-root MuiInputLabel-formControl MuiInputLabel-animated MuiInputLabel-shrink MuiInputLabel-outlined MuiFormLabel-root MuiFormLabel-colorPrimary css-fhk4wr-MuiFormLabel-root-MuiInputLabel-root"
              data-shrink="true"
              for="mui-3"
              id="mui-3-label"
            >
              To
            </label>
            <div
              class="MuiOutlinedInput-root MuiInputBase-root MuiInputBase-colorPrimary MuiInputBase-formControl css-jbw6h8-MuiInputBase-root-MuiOutlinedInput-root"
              style="width: 155px;"
            >
              <input
                aria-invalid="false"
                aria-label="Choose date"
                aria-readonly="true"
                class="MuiOutlinedInput-input MuiInputBase-input css-17cvodc-MuiInputBase-input-MuiOutlinedInput-input"
                id="mui-3"
                readonly=""
                type="text"
                value=""
              />
              <fieldset
                aria-hidden="true"
                class="MuiOutlinedInput-notchedOutline css-1d3z3hw-MuiOutlinedInput-notchedOutline"
              >
                <legend
                  class="css-173wfxe"
                >
                  <span>
                    To
                  </span>
                </legend>
              </fieldset>
            </div>
          </div>
        </div>
        <div
          class="MuiGrid-root MuiGrid-item css-13i4rnv-MuiGrid-root"
        />
      </div>
    </div>
  </div>
</div>
`;
