// Jest Snapshot v1, https://goo.gl/fbAQLP

exports[`BackLink renders nothing if data is null 1`] = `<div />`;
