// Jest Snapshot v1, https://goo.gl/fbAQLP

exports[`Reports should match snapshot 1`] = `
<div>
  <div
    class="MuiGrid-root MuiGrid-container MuiGrid-direction-xs-column css-1vpwcmr-MuiGrid-root"
    style="display: table;"
  >
    <div
      class="MuiGrid-root MuiGrid-item css-13i4rnv-MuiGrid-root"
    >
      <div
        class="makeStyles-wrapper-5 MuiBox-root css-0"
      >
        <div
          class="MuiContainer-root MuiContainer-maxWidthLg css-1oqqzyl-MuiContainer-root"
        >
          <div
            class="MuiGrid-root MuiGrid-container MuiGrid-direction-xs-column makeStyles-container-3 css-1vpwcmr-MuiGrid-root"
          >
            <div
              class="MuiGrid-root MuiGrid-container makeStyles-header-2 css-11lq3yg-MuiGrid-root"
            >
              <div
                class="MuiGrid-root MuiGrid-container MuiGrid-item css-i6prtc-MuiGrid-root"
              >
                <h2
                  class="MuiTypography-root MuiTypography-h2 css-rldqdm-MuiTypography-root"
                >
                  Reports
                </h2>
              </div>
            </div>
            <div
              class="MuiGrid-root css-vj1n65-MuiGrid-root"
            >
              <nav
                class="MuiTypography-root MuiTypography-body1 MuiBreadcrumbs-root css-128kl2r-MuiTypography-root-MuiBreadcrumbs-root"
              >
                <ol
                  class="MuiBreadcrumbs-ol css-4pdmu4-MuiBreadcrumbs-ol"
                />
              </nav>
            </div>
          </div>
        </div>
      </div>
    </div>
    <div
      class="MuiContainer-root MuiContainer-maxWidthLg css-snjpuj-MuiContainer-root"
    >
      <div
        class="MuiGrid-root MuiGrid-item css-13i4rnv-MuiGrid-root"
      >
        <div
          class="MuiBox-root css-1jpm9pd"
        />
        <h4
          class="MuiTypography-root MuiTypography-h4 css-vxrdkt-MuiTypography-root"
        >
          Statements
        </h4>
        <div
          class="MuiBox-root css-1jpm9pd"
        />
      </div>
      <div
        class="MuiGrid-root MuiGrid-container MuiGrid-item css-89gxc5-MuiGrid-root"
      >
        <div
          class="MuiGrid-root MuiGrid-item css-13i4rnv-MuiGrid-root"
        >
          <div
            class="MuiBox-root css-413k17"
          >
            <p
              class="MuiTypography-root MuiTypography-body1 css-1b4l2pg-MuiTypography-root"
            >
              View, manage and track your accounting reports and taxations.
            </p>
          </div>
        </div>
        <div
          class="MuiGrid-root MuiGrid-item css-13i4rnv-MuiGrid-root"
        >
          <div
            class="makeStyles-wrapper-6 MuiBox-root css-0"
          >
            <h6
              class="MuiTypography-root MuiTypography-subtitle1 makeStyles-filterText-7 css-1b4l2pg-MuiTypography-root"
            >
              Select Date:
            </h6>
            <div
              class="makeStyles-filtersWrapper-8 MuiBox-root css-0"
            >
              <div
                class="makeStyles-filterWrapper-9 MuiBox-root css-0"
              >
                <div
                  class="MuiFormControl-root MuiFormControl-fullWidth MuiTextField-root css-18i04ku-MuiFormControl-root-MuiTextField-root"
                >
                  <label
                    class="MuiInputLabel-root MuiInputLabel-formControl MuiInputLabel-animated MuiInputLabel-shrink MuiInputLabel-outlined MuiFormLabel-root MuiFormLabel-colorPrimary css-fhk4wr-MuiFormLabel-root-MuiInputLabel-root"
                    data-shrink="true"
                    for="mui-1"
                    id="mui-1-label"
                  >
                    From
                  </label>
                  <div
                    class="MuiOutlinedInput-root MuiInputBase-root MuiInputBase-colorPrimary MuiInputBase-formControl css-jbw6h8-MuiInputBase-root-MuiOutlinedInput-root"
                    style="width: 150px;"
                  >
                    <input
                      aria-invalid="false"
                      aria-label="Choose date"
                      aria-readonly="true"
                      class="MuiOutlinedInput-input MuiInputBase-input css-17cvodc-MuiInputBase-input-MuiOutlinedInput-input"
                      id="mui-1"
                      readonly=""
                      type="text"
                      value=""
                    />
                    <fieldset
                      aria-hidden="true"
                      class="MuiOutlinedInput-notchedOutline css-1d3z3hw-MuiOutlinedInput-notchedOutline"
                    >
                      <legend
                        class="css-173wfxe"
                      >
                        <span>
                          From
                        </span>
                      </legend>
                    </fieldset>
                  </div>
                </div>
              </div>
              <div
                class="makeStyles-filterWrapper-9 MuiBox-root css-0"
              >
                <div
                  class="MuiFormControl-root MuiFormControl-fullWidth MuiTextField-root css-18i04ku-MuiFormControl-root-MuiTextField-root"
                >
                  <label
                    class="MuiInputLabel-root MuiInputLabel-formControl MuiInputLabel-animated MuiInputLabel-shrink MuiInputLabel-outlined MuiFormLabel-root MuiFormLabel-colorPrimary css-fhk4wr-MuiFormLabel-root-MuiInputLabel-root"
                    data-shrink="true"
                    for="mui-3"
                    id="mui-3-label"
                  >
                    To
                  </label>
                  <div
                    class="MuiOutlinedInput-root MuiInputBase-root MuiInputBase-colorPrimary MuiInputBase-formControl css-jbw6h8-MuiInputBase-root-MuiOutlinedInput-root"
                    style="width: 150px;"
                  >
                    <input
                      aria-invalid="false"
                      aria-label="Choose date"
                      aria-readonly="true"
                      class="MuiOutlinedInput-input MuiInputBase-input css-17cvodc-MuiInputBase-input-MuiOutlinedInput-input"
                      id="mui-3"
                      readonly=""
                      type="text"
                      value=""
                    />
                    <fieldset
                      aria-hidden="true"
                      class="MuiOutlinedInput-notchedOutline css-1d3z3hw-MuiOutlinedInput-notchedOutline"
                    >
                      <legend
                        class="css-173wfxe"
                      >
                        <span>
                          To
                        </span>
                      </legend>
                    </fieldset>
                  </div>
                </div>
              </div>
            </div>
          </div>
        </div>
      </div>
      <div
        class="MuiGrid-root MuiGrid-item css-13i4rnv-MuiGrid-root"
      >
        <div
          class="MuiBox-root css-12aw9rk"
        />
        <div
          class="MuiGrid-root MuiGrid-container MuiGrid-direction-xs-column css-1vpwcmr-MuiGrid-root"
        >
          <div
            class="MuiGrid-root MuiGrid-item css-13i4rnv-MuiGrid-root"
          >
            <div
              class="MuiPaper-root MuiPaper-outlined MuiPaper-rounded css-1nt1r1b-MuiPaper-root"
              style="background-color: inherit;"
            >
              <div
                class="MuiTableContainer-root css-rorn0c-MuiTableContainer-root"
              >
                <table
                  aria-label="table"
                  class="MuiTable-root css-7mlt34-MuiTable-root"
                  data-testid="table"
                >
                  <thead
                    class="MuiTableHead-root css-15wwp11-MuiTableHead-root"
                    style="background-color: rgb(20, 18, 114); height: 50px; display: none;"
                  >
                    <tr
                      class="MuiTableRow-root MuiTableRow-head css-8dfetm-MuiTableRow-root"
                    >
                      <th
                        class="MuiTableCell-root MuiTableCell-head MuiTableCell-alignLeft MuiTableCell-sizeMedium css-1efwvfh-MuiTableCell-root"
                        scope="col"
                      >
                        <b
                          style="color: rgb(255, 255, 255);"
                        />
                      </th>
                      <th
                        class="MuiTableCell-root MuiTableCell-head MuiTableCell-alignLeft MuiTableCell-sizeMedium css-1efwvfh-MuiTableCell-root"
                        scope="col"
                      >
                        <b
                          style="color: rgb(255, 255, 255);"
                        />
                      </th>
                      <th
                        class="MuiTableCell-root MuiTableCell-head MuiTableCell-alignLeft MuiTableCell-sizeMedium css-1efwvfh-MuiTableCell-root"
                        scope="col"
                      >
                        <b
                          style="color: rgb(255, 255, 255);"
                        />
                      </th>
                    </tr>
                  </thead>
                  <tbody
                    class="MuiTableBody-root css-apqrd9-MuiTableBody-root"
                  >
                    <tr
                      class="MuiTableRow-root css-8dfetm-MuiTableRow-root"
                      style="background-color: rgb(247, 249, 250);"
                    >
                      <td
                        class="MuiTableCell-root MuiTableCell-body MuiTableCell-alignLeft MuiTableCell-sizeMedium css-17e0zod-MuiTableCell-root"
                      >
                        Accounts Summary
                      </td>
                      <td
                        class="MuiTableCell-root MuiTableCell-body MuiTableCell-alignLeft MuiTableCell-sizeMedium css-17e0zod-MuiTableCell-root"
                      >
                        HTML View
                      </td>
                      <td
                        class="MuiTableCell-root MuiTableCell-body MuiTableCell-alignRight MuiTableCell-sizeMedium css-17jaypo-MuiTableCell-root"
                      >
                        <p
                          class="MuiTypography-root MuiTypography-body1 makeStyles-link-11 css-1okvd07-MuiTypography-root"
                        >
                          View Report
                        </p>
                      </td>
                    </tr>
                    <tr
                      class="MuiTableRow-root css-8dfetm-MuiTableRow-root"
                      style="background-color: rgb(248, 248, 253);"
                    >
                      <td
                        class="MuiTableCell-root MuiTableCell-body MuiTableCell-alignLeft MuiTableCell-sizeMedium css-17e0zod-MuiTableCell-root"
                      >
                        Trade Confirmation
                      </td>
                      <td
                        class="MuiTableCell-root MuiTableCell-body MuiTableCell-alignLeft MuiTableCell-sizeMedium css-17e0zod-MuiTableCell-root"
                      >
                        HTML View
                      </td>
                      <td
                        class="MuiTableCell-root MuiTableCell-body MuiTableCell-alignRight MuiTableCell-sizeMedium css-17jaypo-MuiTableCell-root"
                      >
                        <p
                          class="MuiTypography-root MuiTypography-body1 makeStyles-link-11 css-1okvd07-MuiTypography-root"
                        >
                          View Report
                        </p>
                      </td>
                    </tr>
                    <tr
                      class="MuiTableRow-root css-8dfetm-MuiTableRow-root"
                      style="background-color: rgb(247, 249, 250);"
                    >
                      <td
                        class="MuiTableCell-root MuiTableCell-body MuiTableCell-alignLeft MuiTableCell-sizeMedium css-17e0zod-MuiTableCell-root"
                      >
                        Aggregated Costs and Charges
                      </td>
                      <td
                        class="MuiTableCell-root MuiTableCell-body MuiTableCell-alignLeft MuiTableCell-sizeMedium css-17e0zod-MuiTableCell-root"
                      >
                        HTML View
                      </td>
                      <td
                        class="MuiTableCell-root MuiTableCell-body MuiTableCell-alignRight MuiTableCell-sizeMedium css-17jaypo-MuiTableCell-root"
                      >
                        <p
                          class="MuiTypography-root MuiTypography-body1 makeStyles-link-11 css-1okvd07-MuiTypography-root"
                        >
                          View Report
                        </p>
                      </td>
                    </tr>
                    <tr
                      class="MuiTableRow-root css-8dfetm-MuiTableRow-root"
                      style="background-color: rgb(248, 248, 253);"
                    >
                      <td
                        class="MuiTableCell-root MuiTableCell-body MuiTableCell-alignLeft MuiTableCell-sizeMedium css-17e0zod-MuiTableCell-root"
                      >
                        Dividends
                      </td>
                      <td
                        class="MuiTableCell-root MuiTableCell-body MuiTableCell-alignLeft MuiTableCell-sizeMedium css-17e0zod-MuiTableCell-root"
                      >
                        HTML View
                      </td>
                      <td
                        class="MuiTableCell-root MuiTableCell-body MuiTableCell-alignRight MuiTableCell-sizeMedium css-17jaypo-MuiTableCell-root"
                      >
                        <p
                          class="MuiTypography-root MuiTypography-body1 makeStyles-link-11 css-1okvd07-MuiTypography-root"
                        >
                          View Report
                        </p>
                      </td>
                    </tr>
                  </tbody>
                </table>
              </div>
            </div>
          </div>
        </div>
      </div>
    </div>
  </div>
</div>
`;
