// Jest Snapshot v1, https://goo.gl/fbAQLP

exports[`SecondaryMarketList compact bank list matches snapshot 1`] = `<div />`;
