// Jest Snapshot v1, https://goo.gl/fbAQLP

exports[`Step1RemoveAuthenticator should match snapshot when useGetEmailCode has successful response 1`] = `
<div>
  <div
    class="MuiGrid-root MuiGrid-container MuiGrid-direction-xs-column css-1vpwcmr-MuiGrid-root"
  >
    <div
      class="MuiGrid-root MuiGrid-item MuiGrid-grid-xs-12 css-1idn90j-MuiGrid-root"
    >
      <h2
        class="MuiTypography-root MuiTypography-h2 MuiTypography-alignCenter css-2xfiep-MuiTypography-root"
      >
        Update Authenticator by 
        <br />
         Verifying Your Identity
      </h2>
    </div>
    <div
      class="MuiGrid-root MuiGrid-item MuiGrid-grid-xs-12 css-1idn90j-MuiGrid-root"
    >
      <div
        class="MuiGrid-root MuiGrid-container MuiGrid-direction-xs-column css-t0zib5-MuiGrid-root"
      >
        <div
          class="MuiGrid-root MuiGrid-item css-13i4rnv-MuiGrid-root"
        >
          <p
            class="MuiTypography-root MuiTypography-body1 MuiTypography-alignCenter makeStyles-description-3 css-1gd5lqg-MuiTypography-root"
          >
            To update your Authenticator please remove the current one
          </p>
        </div>
        <div
          class="MuiGrid-root MuiGrid-item makeStyles-info-1 css-13i4rnv-MuiGrid-root"
        >
          <div
            class="makeStyles-wrapper-4 MuiBox-root css-0"
          >
            <p
              class="MuiTypography-root MuiTypography-body1 makeStyles-text-5 css-1b4l2pg-MuiTypography-root"
            >
              Verification code has been sent
            </p>
          </div>
        </div>
        <div
          class="MuiGrid-root MuiGrid-item makeStyles-formBlock-2 css-13i4rnv-MuiGrid-root"
        >
          <form
            data-testid="remove-authenticator-form"
            style="width: 100%;"
          >
            <div
              class="MuiGrid-root MuiGrid-container MuiGrid-direction-xs-column css-1vpwcmr-MuiGrid-root"
            >
              <div
                class="MuiGrid-root MuiGrid-container MuiGrid-item MuiGrid-direction-xs-column css-80wlp8-MuiGrid-root"
              >
                <div
                  class="MuiGrid-root MuiGrid-item css-13i4rnv-MuiGrid-root"
                >
                  <div
                    class="MuiFormControl-root MuiFormControl-fullWidth MuiTextField-root makeStyles-root-9 css-bxephj-MuiFormControl-root-MuiTextField-root"
                    control="[object Object]"
                    path="emailCode"
                  >
                    <label
                      class="MuiInputLabel-root MuiInputLabel-formControl MuiInputLabel-animated MuiInputLabel-shrink MuiInputLabel-outlined MuiFormLabel-root MuiFormLabel-colorPrimary css-fhk4wr-MuiFormLabel-root-MuiInputLabel-root"
                      data-shrink="true"
                      for="emailCode"
                      id="emailCode-label"
                    >
                      Verification Code
                    </label>
                    <div
                      class="MuiOutlinedInput-root MuiInputBase-root MuiInputBase-colorPrimary MuiInputBase-fullWidth MuiInputBase-formControl MuiInputBase-adornedEnd css-1c4a1fp-MuiInputBase-root-MuiOutlinedInput-root"
                    >
                      <input
                        aria-invalid="false"
                        class="MuiOutlinedInput-input MuiInputBase-input MuiInputBase-inputAdornedEnd css-1vvkud8-MuiInputBase-input-MuiOutlinedInput-input"
                        id="emailCode"
                        name="emailCode"
                        placeholder="E-mail verification code"
                        type="text"
                        value=""
                      />
                      <p
                        class="MuiTypography-root MuiTypography-body1 makeStyles-wrapper-12 css-1b4l2pg-MuiTypography-root"
                      >
                        Send
                      </p>
                      <fieldset
                        aria-hidden="true"
                        class="MuiOutlinedInput-notchedOutline css-1d3z3hw-MuiOutlinedInput-notchedOutline"
                      >
                        <legend
                          class="css-173wfxe"
                        >
                          <span>
                            Verification Code
                          </span>
                        </legend>
                      </fieldset>
                    </div>
                  </div>
                </div>
                <div
                  class="MuiGrid-root MuiGrid-item css-13i4rnv-MuiGrid-root"
                >
                  <p
                    class="MuiTypography-root MuiTypography-body1 makeStyles-helperText-6 css-1b4l2pg-MuiTypography-root"
                  >
                    Enter the 6-digit code sent to 
                    
                  </p>
                </div>
              </div>
              <div
                class="MuiGrid-root MuiGrid-container MuiGrid-item MuiGrid-direction-xs-column css-80wlp8-MuiGrid-root"
              >
                <div
                  class="MuiGrid-root MuiGrid-item css-13i4rnv-MuiGrid-root"
                >
                  <p
                    class="MuiTypography-root MuiTypography-body1 makeStyles-label-7 css-1b4l2pg-MuiTypography-root"
                  >
                    Authenticator Code
                  </p>
                </div>
                <div
                  class="MuiGrid-root MuiGrid-container MuiGrid-item css-19hkhe-MuiGrid-root"
                >
                  <div
                    class="MuiGrid-root MuiGrid-item css-13i4rnv-MuiGrid-root"
                  >
                    <div
                      class="MuiFormControl-root MuiFormControl-fullWidth css-q8hpuo-MuiFormControl-root"
                    >
                      <div
                        class="makeStyles-container-14 makeStyles-fullwidth-15"
                        style="display: flex;"
                      >
                        <div
                          style="display: flex; align-items: center;"
                        >
                          <input
                            aria-label="Please enter verification code. Digit 1"
                            autocomplete="off"
                            class="makeStyles-input-16  "
                            maxlength="1"
                            placeholder="_"
                            style="width: 1em; text-align: center;"
                            type="tel"
                            value=""
                          />
                        </div>
                        <div
                          style="display: flex; align-items: center;"
                        >
                          <input
                            aria-label="Digit 2"
                            autocomplete="off"
                            class="makeStyles-input-16 "
                            maxlength="1"
                            placeholder="_"
                            style="width: 1em; text-align: center;"
                            type="tel"
                            value=""
                          />
                        </div>
                        <div
                          style="display: flex; align-items: center;"
                        >
                          <input
                            aria-label="Digit 3"
                            autocomplete="off"
                            class="makeStyles-input-16 "
                            maxlength="1"
                            placeholder="_"
                            style="width: 1em; text-align: center;"
                            type="tel"
                            value=""
                          />
                        </div>
                        <div
                          style="display: flex; align-items: center;"
                        >
                          <input
                            aria-label="Digit 4"
                            autocomplete="off"
                            class="makeStyles-input-16 "
                            maxlength="1"
                            placeholder="_"
                            style="width: 1em; text-align: center;"
                            type="tel"
                            value=""
                          />
                        </div>
                        <div
                          style="display: flex; align-items: center;"
                        >
                          <input
                            aria-label="Digit 5"
                            autocomplete="off"
                            class="makeStyles-input-16 "
                            maxlength="1"
                            placeholder="_"
                            style="width: 1em; text-align: center;"
                            type="tel"
                            value=""
                          />
                        </div>
                        <div
                          style="display: flex; align-items: center;"
                        >
                          <input
                            aria-label="Digit 6"
                            autocomplete="off"
                            class="makeStyles-input-16 "
                            maxlength="1"
                            placeholder="_"
                            style="width: 1em; text-align: center;"
                            type="tel"
                            value=""
                          />
                        </div>
                      </div>
                    </div>
                  </div>
                </div>
                <div
                  class="MuiGrid-root MuiGrid-item css-13i4rnv-MuiGrid-root"
                >
                  <p
                    class="MuiTypography-root MuiTypography-body1 makeStyles-helperText-6 css-1b4l2pg-MuiTypography-root"
                  >
                    Enter the 6-digit code from your existing Authenticator App
                  </p>
                </div>
                <div
                  class="MuiGrid-root MuiGrid-item css-13i4rnv-MuiGrid-root"
                >
                  <button
                    class="MuiButton-root MuiButton-contained MuiButton-containedPrimary MuiButton-sizeLarge MuiButton-containedSizeLarge MuiButton-disableElevation MuiButtonBase-root Mui-disabled makeStyles-button-8 css-r7zh34-MuiButtonBase-root-MuiButton-root"
                    disabled=""
                    tabindex="-1"
                    type="submit"
                  >
                    Remove and Continue
                  </button>
                </div>
              </div>
            </div>
          </form>
        </div>
      </div>
    </div>
  </div>
</div>
`;
