// Jest Snapshot v1, https://goo.gl/fbAQLP

exports[`OTPInputField should match snapshot 1`] = `
<div>
  <div
    class="makeStyles-container-1"
    style="display: flex;"
  >
    <div
      style="display: flex; align-items: center;"
    >
      <input
        aria-label="Please enter verification code. Digit 1"
        autocomplete="off"
        class="makeStyles-input-4  "
        maxlength="1"
        placeholder="_"
        style="width: 1em; text-align: center;"
        type="tel"
        value="v"
      />
    </div>
    <div
      style="display: flex; align-items: center;"
    >
      <input
        aria-label="Digit 2"
        autocomplete="off"
        class="makeStyles-input-4 "
        maxlength="1"
        placeholder="_"
        style="width: 1em; text-align: center;"
        type="tel"
        value="a"
      />
    </div>
    <div
      style="display: flex; align-items: center;"
    >
      <input
        aria-label="Digit 3"
        autocomplete="off"
        class="makeStyles-input-4 "
        maxlength="1"
        placeholder="_"
        style="width: 1em; text-align: center;"
        type="tel"
        value="l"
      />
    </div>
    <div
      style="display: flex; align-items: center;"
    >
      <input
        aria-label="Digit 4"
        autocomplete="off"
        class="makeStyles-input-4 "
        maxlength="1"
        placeholder="_"
        style="width: 1em; text-align: center;"
        type="tel"
        value="u"
      />
    </div>
    <div
      style="display: flex; align-items: center;"
    >
      <input
        aria-label="Digit 5"
        autocomplete="off"
        class="makeStyles-input-4 "
        maxlength="1"
        placeholder="_"
        style="width: 1em; text-align: center;"
        type="tel"
        value="e"
      />
    </div>
    <div
      style="display: flex; align-items: center;"
    >
      <input
        aria-label="Digit 6"
        autocomplete="off"
        class="makeStyles-input-4 "
        maxlength="1"
        placeholder="_"
        style="width: 1em; text-align: center;"
        type="tel"
        value=""
      />
    </div>
  </div>
</div>
`;
