// Jest Snapshot v1, https://goo.gl/fbAQLP

exports[`ViewIndividual should match snapshot 1`] = `<div />`;
